// Jest Snapshot v1, https://goo.gl/fbAQLP

exports[`App render should render correctly 1`] = `
<HashRouter>
  <Container
    text={true}
  >
    <Header />
    <Route
      component={[Function]}
      exact={true}
      path="/"
    />
    <Route
      component={[Function]}
      path="/graph"
    />
    <Route
      component={[Function]}
      path="/history"
    />
  </Container>
</HashRouter>
`;
