// Jest Snapshot v1, https://goo.gl/fbAQLP

exports[`CrawlHistory render should render correctly 1`] = `
<Container
  className="page"
  text={true}
>
  <HistoryItems
    items={Object {}}
    onClick={[Function]}
  />
</Container>
`;
